// Jest Snapshot v1, https://goo.gl/fbAQLP

exports[`<ForecastTiles /> renders correctly 1`] = `
<div
  className="sc-dnqmqq brmpF"
>
  <div
    className="sc-bdVaJa gIwNWG"
  >
    <div
      className="sc-bwzfXH cSAtHQ"
    >
      <strong>
        April 15
      </strong>
    </div>
    <div
      className="sc-gzVnrw dNPFMo"
    />
    <div
      className="sc-htpNat kvXplu"
    >
      Temp
    </div>
    <div
      className="sc-htoDjs fZompf"
    >
      Clouds
      <img
        src="http://openweathermap.org/img/w/02d.png"
      />
    </div>
    <div
      className="sc-bxivhb YUhSB"
    >
      <div>
        Low: 
        48
         °F
      </div>
      <span>
        ---
      </span>
      <div>
        High: 
        55
         °F
      </div>
    </div>
    <div
      className="sc-EHOje kGvQvF"
    >
      <div
        className="sc-ifAKCX dUDvVJ"
      >
        <div
          className="sc-bZQynM ewEksc"
        >
          Day: 
          55
           °F
        </div>
        <div
          className="sc-bZQynM jigHkO"
        >
          Evening: 
          55
           °F
        </div>
        <div
          className="sc-bZQynM bOUmdM"
        >
          Morning: 
          55
           °F
        </div>
        <div
          className="sc-bZQynM iQzgHi"
        >
          Night: 
          48
           °F
        </div>
      </div>
    </div>
    <div
      className="recharts-wrapper"
      style={
        Object {
          "cursor": "default",
          "height": 100,
          "position": "relative",
          "width": 225,
        }
      }
    >
      <svg
        className="recharts-surface"
        height={100}
        style={undefined}
        version="1.1"
        viewBox="0 0 225 100"
        width={225}
      >
        <g
          className="recharts-layer recharts-cartesian-axis recharts-xAxis xAxis"
        >
          <line
            className="recharts-cartesian-axis-line"
            fill="none"
            height={30}
            stroke="#666"
            width={155}
            x={65}
            x1={65}
            x2={220}
            y={65}
            y1={65}
            y2={65}
          />
          <g
            className="recharts-cartesian-axis-ticks"
          >
            <g
              className="recharts-layer recharts-cartesian-axis-tick"
            >
              <line
                className="recharts-cartesian-axis-tick-line"
                fill="none"
                height={30}
                stroke="#666"
                width={155}
                x={65}
                x1={65}
                x2={65}
                y={65}
                y1={71}
                y2={65}
              />
              <text
                className="recharts-text recharts-cartesian-axis-tick-value"
                fill="#666"
                height={30}
                stroke="none"
                textAnchor="middle"
                width={155}
                x={65}
                y={73}
              >
                <tspan
                  dy="0.71em"
                  x={65}
                >
                  Morning
                </tspan>
              </text>
            </g>
            <g
              className="recharts-layer recharts-cartesian-axis-tick"
            >
              <line
                className="recharts-cartesian-axis-tick-line"
                fill="none"
                height={30}
                stroke="#666"
                width={155}
                x={65}
                x1={116.66666666666666}
                x2={116.66666666666666}
                y={65}
                y1={71}
                y2={65}
              />
              <text
                className="recharts-text recharts-cartesian-axis-tick-value"
                fill="#666"
                height={30}
                stroke="none"
                textAnchor="middle"
                width={155}
                x={116.66666666666666}
                y={73}
              >
                <tspan
                  dy="0.71em"
                  x={116.66666666666666}
                >
                  Day
                </tspan>
              </text>
            </g>
            <g
              className="recharts-layer recharts-cartesian-axis-tick"
            >
              <line
                className="recharts-cartesian-axis-tick-line"
                fill="none"
                height={30}
                stroke="#666"
                width={155}
                x={65}
                x1={168.33333333333331}
                x2={168.33333333333331}
                y={65}
                y1={71}
                y2={65}
              />
              <text
                className="recharts-text recharts-cartesian-axis-tick-value"
                fill="#666"
                height={30}
                stroke="none"
                textAnchor="middle"
                width={155}
                x={168.33333333333331}
                y={73}
              >
                <tspan
                  dy="0.71em"
                  x={168.33333333333331}
                >
                  Evening
                </tspan>
              </text>
            </g>
            <g
              className="recharts-layer recharts-cartesian-axis-tick"
            >
              <line
                className="recharts-cartesian-axis-tick-line"
                fill="none"
                height={30}
                stroke="#666"
                width={155}
                x={65}
                x1={220}
                x2={220}
                y={65}
                y1={71}
                y2={65}
              />
              <text
                className="recharts-text recharts-cartesian-axis-tick-value"
                fill="#666"
                height={30}
                stroke="none"
                textAnchor="middle"
                width={155}
                x={220}
                y={73}
              >
                <tspan
                  dy="0.71em"
                  x={220}
                >
                  Night
                </tspan>
              </text>
            </g>
          </g>
        </g>
        <g
          className="recharts-layer recharts-cartesian-axis recharts-yAxis yAxis"
        >
          <line
            className="recharts-cartesian-axis-line"
            fill="none"
            height={60}
            stroke="#666"
            width={60}
            x={5}
            x1={65}
            x2={65}
            y={5}
            y1={5}
            y2={65}
          />
          <g
            className="recharts-cartesian-axis-ticks"
          >
            <g
              className="recharts-layer recharts-cartesian-axis-tick"
            >
              <line
                className="recharts-cartesian-axis-tick-line"
                fill="none"
                height={60}
                stroke="#666"
                width={60}
                x={5}
                x1={59}
                x2={65}
                y={5}
                y1={65}
                y2={65}
              />
              <text
                className="recharts-text recharts-cartesian-axis-tick-value"
                fill="#666"
                height={60}
                stroke="none"
                textAnchor="end"
                width={60}
                x={57}
                y={65}
              >
                <tspan
                  dy="0.355em"
                  x={57}
                >
                  0
                </tspan>
              </text>
            </g>
            <g
              className="recharts-layer recharts-cartesian-axis-tick"
            >
              <line
                className="recharts-cartesian-axis-tick-line"
                fill="none"
                height={60}
                stroke="#666"
                width={60}
                x={5}
                x1={59}
                x2={65}
                y={5}
                y1={50}
                y2={50}
              />
              <text
                className="recharts-text recharts-cartesian-axis-tick-value"
                fill="#666"
                height={60}
                stroke="none"
                textAnchor="end"
                width={60}
                x={57}
                y={50}
              >
                <tspan
                  dy="0.355em"
                  x={57}
                >
                  15
                </tspan>
              </text>
            </g>
            <g
              className="recharts-layer recharts-cartesian-axis-tick"
            >
              <line
                className="recharts-cartesian-axis-tick-line"
                fill="none"
                height={60}
                stroke="#666"
                width={60}
                x={5}
                x1={59}
                x2={65}
                y={5}
                y1={35}
                y2={35}
              />
              <text
                className="recharts-text recharts-cartesian-axis-tick-value"
                fill="#666"
                height={60}
                stroke="none"
                textAnchor="end"
                width={60}
                x={57}
                y={35}
              >
                <tspan
                  dy="0.355em"
                  x={57}
                >
                  30
                </tspan>
              </text>
            </g>
            <g
              className="recharts-layer recharts-cartesian-axis-tick"
            >
              <line
                className="recharts-cartesian-axis-tick-line"
                fill="none"
                height={60}
                stroke="#666"
                width={60}
                x={5}
                x1={59}
                x2={65}
                y={5}
                y1={20}
                y2={20}
              />
              <text
                className="recharts-text recharts-cartesian-axis-tick-value"
                fill="#666"
                height={60}
                stroke="none"
                textAnchor="end"
                width={60}
                x={57}
                y={20}
              >
                <tspan
                  dy="0.355em"
                  x={57}
                >
                  45
                </tspan>
              </text>
            </g>
            <g
              className="recharts-layer recharts-cartesian-axis-tick"
            >
              <line
                className="recharts-cartesian-axis-tick-line"
                fill="none"
                height={60}
                stroke="#666"
                width={60}
                x={5}
                x1={59}
                x2={65}
                y={5}
                y1={5}
                y2={5}
              />
              <text
                className="recharts-text recharts-cartesian-axis-tick-value"
                fill="#666"
                height={60}
                stroke="none"
                textAnchor="end"
                width={60}
                x={57}
                y={5}
              >
                <tspan
                  dy="0.355em"
                  x={57}
                >
                  60
                </tspan>
              </text>
            </g>
          </g>
        </g>
        <g
          className="recharts-layer recharts-line"
        >
          <path
            className="recharts-curve recharts-line-curve"
            clipPath={null}
            d="M65,9.600000000000001C82.22222222222221,9.600000000000001,99.44444444444444,9.600000000000001,116.66666666666666,9.600000000000001C133.88888888888889,9.600000000000001,151.1111111111111,9.600000000000001,168.33333333333331,9.600000000000001C185.55555555555554,9.600000000000001,202.77777777777777,13.370000000000001,220,17.14"
            fill="none"
            height={60}
            stroke="#FF5729"
            strokeDasharray="0px 0px"
            strokeWidth={1}
            width={155}
          />
        </g>
      </svg>
    </div>
  </div>
  <div
    className="sc-bdVaJa gIwNWG"
  >
    <div
      className="sc-bwzfXH cSAtHQ"
    >
      <strong>
        April 16
      </strong>
    </div>
    <div
      className="sc-gzVnrw dNPFMo"
    />
    <div
      className="sc-htpNat kvXplu"
    >
      Temp
    </div>
    <div
      className="sc-htoDjs fZompf"
    >
      Rain
      <img
        src="http://openweathermap.org/img/w/10d.png"
      />
    </div>
    <div
      className="sc-bxivhb YUhSB"
    >
      <div>
        Low: 
        45
         °F
      </div>
      <span>
        ---
      </span>
      <div>
        High: 
        60
         °F
      </div>
    </div>
    <div
      className="sc-EHOje kGvQvF"
    >
      <div
        className="sc-ifAKCX dUDvVJ"
      >
        <div
          className="sc-bZQynM ewEksc"
        >
          Day: 
          60
           °F
        </div>
        <div
          className="sc-bZQynM jigHkO"
        >
          Evening: 
          60
           °F
        </div>
        <div
          className="sc-bZQynM bOUmdM"
        >
          Morning: 
          45
           °F
        </div>
        <div
          className="sc-bZQynM iQzgHi"
        >
          Night: 
          51
           °F
        </div>
      </div>
    </div>
    <div
      className="recharts-wrapper"
      style={
        Object {
          "cursor": "default",
          "height": 100,
          "position": "relative",
          "width": 225,
        }
      }
    >
      <svg
        className="recharts-surface"
        height={100}
        style={undefined}
        version="1.1"
        viewBox="0 0 225 100"
        width={225}
      >
        <g
          className="recharts-layer recharts-cartesian-axis recharts-xAxis xAxis"
        >
          <line
            className="recharts-cartesian-axis-line"
            fill="none"
            height={30}
            stroke="#666"
            width={155}
            x={65}
            x1={65}
            x2={220}
            y={65}
            y1={65}
            y2={65}
          />
          <g
            className="recharts-cartesian-axis-ticks"
          >
            <g
              className="recharts-layer recharts-cartesian-axis-tick"
            >
              <line
                className="recharts-cartesian-axis-tick-line"
                fill="none"
                height={30}
                stroke="#666"
                width={155}
                x={65}
                x1={65}
                x2={65}
                y={65}
                y1={71}
                y2={65}
              />
              <text
                className="recharts-text recharts-cartesian-axis-tick-value"
                fill="#666"
                height={30}
                stroke="none"
                textAnchor="middle"
                width={155}
                x={65}
                y={73}
              >
                <tspan
                  dy="0.71em"
                  x={65}
                >
                  Morning
                </tspan>
              </text>
            </g>
            <g
              className="recharts-layer recharts-cartesian-axis-tick"
            >
              <line
                className="recharts-cartesian-axis-tick-line"
                fill="none"
                height={30}
                stroke="#666"
                width={155}
                x={65}
                x1={116.66666666666666}
                x2={116.66666666666666}
                y={65}
                y1={71}
                y2={65}
              />
              <text
                className="recharts-text recharts-cartesian-axis-tick-value"
                fill="#666"
                height={30}
                stroke="none"
                textAnchor="middle"
                width={155}
                x={116.66666666666666}
                y={73}
              >
                <tspan
                  dy="0.71em"
                  x={116.66666666666666}
                >
                  Day
                </tspan>
              </text>
            </g>
            <g
              className="recharts-layer recharts-cartesian-axis-tick"
            >
              <line
                className="recharts-cartesian-axis-tick-line"
                fill="none"
                height={30}
                stroke="#666"
                width={155}
                x={65}
                x1={168.33333333333331}
                x2={168.33333333333331}
                y={65}
                y1={71}
                y2={65}
              />
              <text
                className="recharts-text recharts-cartesian-axis-tick-value"
                fill="#666"
                height={30}
                stroke="none"
                textAnchor="middle"
                width={155}
                x={168.33333333333331}
                y={73}
              >
                <tspan
                  dy="0.71em"
                  x={168.33333333333331}
                >
                  Evening
                </tspan>
              </text>
            </g>
            <g
              className="recharts-layer recharts-cartesian-axis-tick"
            >
              <line
                className="recharts-cartesian-axis-tick-line"
                fill="none"
                height={30}
                stroke="#666"
                width={155}
                x={65}
                x1={220}
                x2={220}
                y={65}
                y1={71}
                y2={65}
              />
              <text
                className="recharts-text recharts-cartesian-axis-tick-value"
                fill="#666"
                height={30}
                stroke="none"
                textAnchor="middle"
                width={155}
                x={220}
                y={73}
              >
                <tspan
                  dy="0.71em"
                  x={220}
                >
                  Night
                </tspan>
              </text>
            </g>
          </g>
        </g>
        <g
          className="recharts-layer recharts-cartesian-axis recharts-yAxis yAxis"
        >
          <line
            className="recharts-cartesian-axis-line"
            fill="none"
            height={60}
            stroke="#666"
            width={60}
            x={5}
            x1={65}
            x2={65}
            y={5}
            y1={5}
            y2={65}
          />
          <g
            className="recharts-cartesian-axis-ticks"
          >
            <g
              className="recharts-layer recharts-cartesian-axis-tick"
            >
              <line
                className="recharts-cartesian-axis-tick-line"
                fill="none"
                height={60}
                stroke="#666"
                width={60}
                x={5}
                x1={59}
                x2={65}
                y={5}
                y1={65}
                y2={65}
              />
              <text
                className="recharts-text recharts-cartesian-axis-tick-value"
                fill="#666"
                height={60}
                stroke="none"
                textAnchor="end"
                width={60}
                x={57}
                y={65}
              >
                <tspan
                  dy="0.355em"
                  x={57}
                >
                  0
                </tspan>
              </text>
            </g>
            <g
              className="recharts-layer recharts-cartesian-axis-tick"
            >
              <line
                className="recharts-cartesian-axis-tick-line"
                fill="none"
                height={60}
                stroke="#666"
                width={60}
                x={5}
                x1={59}
                x2={65}
                y={5}
                y1={50}
                y2={50}
              />
              <text
                className="recharts-text recharts-cartesian-axis-tick-value"
                fill="#666"
                height={60}
                stroke="none"
                textAnchor="end"
                width={60}
                x={57}
                y={50}
              >
                <tspan
                  dy="0.355em"
                  x={57}
                >
                  15
                </tspan>
              </text>
            </g>
            <g
              className="recharts-layer recharts-cartesian-axis-tick"
            >
              <line
                className="recharts-cartesian-axis-tick-line"
                fill="none"
                height={60}
                stroke="#666"
                width={60}
                x={5}
                x1={59}
                x2={65}
                y={5}
                y1={35}
                y2={35}
              />
              <text
                className="recharts-text recharts-cartesian-axis-tick-value"
                fill="#666"
                height={60}
                stroke="none"
                textAnchor="end"
                width={60}
                x={57}
                y={35}
              >
                <tspan
                  dy="0.355em"
                  x={57}
                >
                  30
                </tspan>
              </text>
            </g>
            <g
              className="recharts-layer recharts-cartesian-axis-tick"
            >
              <line
                className="recharts-cartesian-axis-tick-line"
                fill="none"
                height={60}
                stroke="#666"
                width={60}
                x={5}
                x1={59}
                x2={65}
                y={5}
                y1={20}
                y2={20}
              />
              <text
                className="recharts-text recharts-cartesian-axis-tick-value"
                fill="#666"
                height={60}
                stroke="none"
                textAnchor="end"
                width={60}
                x={57}
                y={20}
              >
                <tspan
                  dy="0.355em"
                  x={57}
                >
                  45
                </tspan>
              </text>
            </g>
            <g
              className="recharts-layer recharts-cartesian-axis-tick"
            >
              <line
                className="recharts-cartesian-axis-tick-line"
                fill="none"
                height={60}
                stroke="#666"
                width={60}
                x={5}
                x1={59}
                x2={65}
                y={5}
                y1={5}
                y2={5}
              />
              <text
                className="recharts-text recharts-cartesian-axis-tick-value"
                fill="#666"
                height={60}
                stroke="none"
                textAnchor="end"
                width={60}
                x={57}
                y={5}
              >
                <tspan
                  dy="0.355em"
                  x={57}
                >
                  60
                </tspan>
              </text>
            </g>
          </g>
        </g>
        <g
          className="recharts-layer recharts-line"
        >
          <path
            className="recharts-curve recharts-line-curve"
            clipPath={null}
            d="M65,19.57C82.22222222222221,12.518333333333334,99.44444444444444,5.466666666666669,116.66666666666666,5.420000000000002C133.88888888888889,5.373333333333335,151.1111111111111,5.350000000000001,168.33333333333331,5.350000000000001C185.55555555555554,5.350000000000001,202.77777777777777,9.835,220,14.32"
            fill="none"
            height={60}
            stroke="#FF5729"
            strokeDasharray="0px 0px"
            strokeWidth={1}
            width={155}
          />
        </g>
      </svg>
    </div>
  </div>
  <div
    className="sc-bdVaJa gIwNWG"
  >
    <div
      className="sc-bwzfXH cSAtHQ"
    >
      <strong>
        April 17
      </strong>
    </div>
    <div
      className="sc-gzVnrw dNPFMo"
    />
    <div
      className="sc-htpNat kvXplu"
    >
      Temp
    </div>
    <div
      className="sc-htoDjs fZompf"
    >
      Rain
      <img
        src="http://openweathermap.org/img/w/10d.png"
      />
    </div>
    <div
      className="sc-bxivhb YUhSB"
    >
      <div>
        Low: 
        45
         °F
      </div>
      <span>
        ---
      </span>
      <div>
        High: 
        58
         °F
      </div>
    </div>
    <div
      className="sc-EHOje kGvQvF"
    >
      <div
        className="sc-ifAKCX dUDvVJ"
      >
        <div
          className="sc-bZQynM ewEksc"
        >
          Day: 
          58
           °F
        </div>
        <div
          className="sc-bZQynM jigHkO"
        >
          Evening: 
          57
           °F
        </div>
        <div
          className="sc-bZQynM bOUmdM"
        >
          Morning: 
          45
           °F
        </div>
        <div
          className="sc-bZQynM iQzgHi"
        >
          Night: 
          54
           °F
        </div>
      </div>
    </div>
    <div
      className="recharts-wrapper"
      style={
        Object {
          "cursor": "default",
          "height": 100,
          "position": "relative",
          "width": 225,
        }
      }
    >
      <svg
        className="recharts-surface"
        height={100}
        style={undefined}
        version="1.1"
        viewBox="0 0 225 100"
        width={225}
      >
        <g
          className="recharts-layer recharts-cartesian-axis recharts-xAxis xAxis"
        >
          <line
            className="recharts-cartesian-axis-line"
            fill="none"
            height={30}
            stroke="#666"
            width={155}
            x={65}
            x1={65}
            x2={220}
            y={65}
            y1={65}
            y2={65}
          />
          <g
            className="recharts-cartesian-axis-ticks"
          >
            <g
              className="recharts-layer recharts-cartesian-axis-tick"
            >
              <line
                className="recharts-cartesian-axis-tick-line"
                fill="none"
                height={30}
                stroke="#666"
                width={155}
                x={65}
                x1={65}
                x2={65}
                y={65}
                y1={71}
                y2={65}
              />
              <text
                className="recharts-text recharts-cartesian-axis-tick-value"
                fill="#666"
                height={30}
                stroke="none"
                textAnchor="middle"
                width={155}
                x={65}
                y={73}
              >
                <tspan
                  dy="0.71em"
                  x={65}
                >
                  Morning
                </tspan>
              </text>
            </g>
            <g
              className="recharts-layer recharts-cartesian-axis-tick"
            >
              <line
                className="recharts-cartesian-axis-tick-line"
                fill="none"
                height={30}
                stroke="#666"
                width={155}
                x={65}
                x1={116.66666666666666}
                x2={116.66666666666666}
                y={65}
                y1={71}
                y2={65}
              />
              <text
                className="recharts-text recharts-cartesian-axis-tick-value"
                fill="#666"
                height={30}
                stroke="none"
                textAnchor="middle"
                width={155}
                x={116.66666666666666}
                y={73}
              >
                <tspan
                  dy="0.71em"
                  x={116.66666666666666}
                >
                  Day
                </tspan>
              </text>
            </g>
            <g
              className="recharts-layer recharts-cartesian-axis-tick"
            >
              <line
                className="recharts-cartesian-axis-tick-line"
                fill="none"
                height={30}
                stroke="#666"
                width={155}
                x={65}
                x1={168.33333333333331}
                x2={168.33333333333331}
                y={65}
                y1={71}
                y2={65}
              />
              <text
                className="recharts-text recharts-cartesian-axis-tick-value"
                fill="#666"
                height={30}
                stroke="none"
                textAnchor="middle"
                width={155}
                x={168.33333333333331}
                y={73}
              >
                <tspan
                  dy="0.71em"
                  x={168.33333333333331}
                >
                  Evening
                </tspan>
              </text>
            </g>
            <g
              className="recharts-layer recharts-cartesian-axis-tick"
            >
              <line
                className="recharts-cartesian-axis-tick-line"
                fill="none"
                height={30}
                stroke="#666"
                width={155}
                x={65}
                x1={220}
                x2={220}
                y={65}
                y1={71}
                y2={65}
              />
              <text
                className="recharts-text recharts-cartesian-axis-tick-value"
                fill="#666"
                height={30}
                stroke="none"
                textAnchor="middle"
                width={155}
                x={220}
                y={73}
              >
                <tspan
                  dy="0.71em"
                  x={220}
                >
                  Night
                </tspan>
              </text>
            </g>
          </g>
        </g>
        <g
          className="recharts-layer recharts-cartesian-axis recharts-yAxis yAxis"
        >
          <line
            className="recharts-cartesian-axis-line"
            fill="none"
            height={60}
            stroke="#666"
            width={60}
            x={5}
            x1={65}
            x2={65}
            y={5}
            y1={5}
            y2={65}
          />
          <g
            className="recharts-cartesian-axis-ticks"
          >
            <g
              className="recharts-layer recharts-cartesian-axis-tick"
            >
              <line
                className="recharts-cartesian-axis-tick-line"
                fill="none"
                height={60}
                stroke="#666"
                width={60}
                x={5}
                x1={59}
                x2={65}
                y={5}
                y1={65}
                y2={65}
              />
              <text
                className="recharts-text recharts-cartesian-axis-tick-value"
                fill="#666"
                height={60}
                stroke="none"
                textAnchor="end"
                width={60}
                x={57}
                y={65}
              >
                <tspan
                  dy="0.355em"
                  x={57}
                >
                  0
                </tspan>
              </text>
            </g>
            <g
              className="recharts-layer recharts-cartesian-axis-tick"
            >
              <line
                className="recharts-cartesian-axis-tick-line"
                fill="none"
                height={60}
                stroke="#666"
                width={60}
                x={5}
                x1={59}
                x2={65}
                y={5}
                y1={50}
                y2={50}
              />
              <text
                className="recharts-text recharts-cartesian-axis-tick-value"
                fill="#666"
                height={60}
                stroke="none"
                textAnchor="end"
                width={60}
                x={57}
                y={50}
              >
                <tspan
                  dy="0.355em"
                  x={57}
                >
                  15
                </tspan>
              </text>
            </g>
            <g
              className="recharts-layer recharts-cartesian-axis-tick"
            >
              <line
                className="recharts-cartesian-axis-tick-line"
                fill="none"
                height={60}
                stroke="#666"
                width={60}
                x={5}
                x1={59}
                x2={65}
                y={5}
                y1={35}
                y2={35}
              />
              <text
                className="recharts-text recharts-cartesian-axis-tick-value"
                fill="#666"
                height={60}
                stroke="none"
                textAnchor="end"
                width={60}
                x={57}
                y={35}
              >
                <tspan
                  dy="0.355em"
                  x={57}
                >
                  30
                </tspan>
              </text>
            </g>
            <g
              className="recharts-layer recharts-cartesian-axis-tick"
            >
              <line
                className="recharts-cartesian-axis-tick-line"
                fill="none"
                height={60}
                stroke="#666"
                width={60}
                x={5}
                x1={59}
                x2={65}
                y={5}
                y1={20}
                y2={20}
              />
              <text
                className="recharts-text recharts-cartesian-axis-tick-value"
                fill="#666"
                height={60}
                stroke="none"
                textAnchor="end"
                width={60}
                x={57}
                y={20}
              >
                <tspan
                  dy="0.355em"
                  x={57}
                >
                  45
                </tspan>
              </text>
            </g>
            <g
              className="recharts-layer recharts-cartesian-axis-tick"
            >
              <line
                className="recharts-cartesian-axis-tick-line"
                fill="none"
                height={60}
                stroke="#666"
                width={60}
                x={5}
                x1={59}
                x2={65}
                y={5}
                y1={5}
                y2={5}
              />
              <text
                className="recharts-text recharts-cartesian-axis-tick-value"
                fill="#666"
                height={60}
                stroke="none"
                textAnchor="end"
                width={60}
                x={57}
                y={5}
              >
                <tspan
                  dy="0.355em"
                  x={57}
                >
                  60
                </tspan>
              </text>
            </g>
          </g>
        </g>
        <g
          className="recharts-layer recharts-line"
        >
          <path
            className="recharts-curve recharts-line-curve"
            clipPath={null}
            d="M65,20.18C82.22222222222221,13.739999999999998,99.44444444444444,7.299999999999997,116.66666666666666,7.299999999999997C133.88888888888889,7.299999999999997,151.1111111111111,7.738333333333332,168.33333333333331,8.29C185.55555555555554,8.841666666666667,202.77777777777777,9.725833333333332,220,10.61"
            fill="none"
            height={60}
            stroke="#FF5729"
            strokeDasharray="0px 0px"
            strokeWidth={1}
            width={155}
          />
        </g>
      </svg>
    </div>
  </div>
  <div
    className="sc-bdVaJa gIwNWG"
  >
    <div
      className="sc-bwzfXH cSAtHQ"
    >
      <strong>
        April 18
      </strong>
    </div>
    <div
      className="sc-gzVnrw dNPFMo"
    />
    <div
      className="sc-htpNat kvXplu"
    >
      Temp
    </div>
    <div
      className="sc-htoDjs fZompf"
    >
      Rain
      <img
        src="http://openweathermap.org/img/w/10d.png"
      />
    </div>
    <div
      className="sc-bxivhb YUhSB"
    >
      <div>
        Low: 
        45
         °F
      </div>
      <span>
        ---
      </span>
      <div>
        High: 
        51
         °F
      </div>
    </div>
    <div
      className="sc-EHOje kGvQvF"
    >
      <div
        className="sc-ifAKCX dUDvVJ"
      >
        <div
          className="sc-bZQynM ewEksc"
        >
          Day: 
          48
           °F
        </div>
        <div
          className="sc-bZQynM jigHkO"
        >
          Evening: 
          48
           °F
        </div>
        <div
          className="sc-bZQynM bOUmdM"
        >
          Morning: 
          51
           °F
        </div>
        <div
          className="sc-bZQynM iQzgHi"
        >
          Night: 
          45
           °F
        </div>
      </div>
    </div>
    <div
      className="recharts-wrapper"
      style={
        Object {
          "cursor": "default",
          "height": 100,
          "position": "relative",
          "width": 225,
        }
      }
    >
      <svg
        className="recharts-surface"
        height={100}
        style={undefined}
        version="1.1"
        viewBox="0 0 225 100"
        width={225}
      >
        <g
          className="recharts-layer recharts-cartesian-axis recharts-xAxis xAxis"
        >
          <line
            className="recharts-cartesian-axis-line"
            fill="none"
            height={30}
            stroke="#666"
            width={155}
            x={65}
            x1={65}
            x2={220}
            y={65}
            y1={65}
            y2={65}
          />
          <g
            className="recharts-cartesian-axis-ticks"
          >
            <g
              className="recharts-layer recharts-cartesian-axis-tick"
            >
              <line
                className="recharts-cartesian-axis-tick-line"
                fill="none"
                height={30}
                stroke="#666"
                width={155}
                x={65}
                x1={65}
                x2={65}
                y={65}
                y1={71}
                y2={65}
              />
              <text
                className="recharts-text recharts-cartesian-axis-tick-value"
                fill="#666"
                height={30}
                stroke="none"
                textAnchor="middle"
                width={155}
                x={65}
                y={73}
              >
                <tspan
                  dy="0.71em"
                  x={65}
                >
                  Morning
                </tspan>
              </text>
            </g>
            <g
              className="recharts-layer recharts-cartesian-axis-tick"
            >
              <line
                className="recharts-cartesian-axis-tick-line"
                fill="none"
                height={30}
                stroke="#666"
                width={155}
                x={65}
                x1={116.66666666666666}
                x2={116.66666666666666}
                y={65}
                y1={71}
                y2={65}
              />
              <text
                className="recharts-text recharts-cartesian-axis-tick-value"
                fill="#666"
                height={30}
                stroke="none"
                textAnchor="middle"
                width={155}
                x={116.66666666666666}
                y={73}
              >
                <tspan
                  dy="0.71em"
                  x={116.66666666666666}
                >
                  Day
                </tspan>
              </text>
            </g>
            <g
              className="recharts-layer recharts-cartesian-axis-tick"
            >
              <line
                className="recharts-cartesian-axis-tick-line"
                fill="none"
                height={30}
                stroke="#666"
                width={155}
                x={65}
                x1={168.33333333333331}
                x2={168.33333333333331}
                y={65}
                y1={71}
                y2={65}
              />
              <text
                className="recharts-text recharts-cartesian-axis-tick-value"
                fill="#666"
                height={30}
                stroke="none"
                textAnchor="middle"
                width={155}
                x={168.33333333333331}
                y={73}
              >
                <tspan
                  dy="0.71em"
                  x={168.33333333333331}
                >
                  Evening
                </tspan>
              </text>
            </g>
            <g
              className="recharts-layer recharts-cartesian-axis-tick"
            >
              <line
                className="recharts-cartesian-axis-tick-line"
                fill="none"
                height={30}
                stroke="#666"
                width={155}
                x={65}
                x1={220}
                x2={220}
                y={65}
                y1={71}
                y2={65}
              />
              <text
                className="recharts-text recharts-cartesian-axis-tick-value"
                fill="#666"
                height={30}
                stroke="none"
                textAnchor="middle"
                width={155}
                x={220}
                y={73}
              >
                <tspan
                  dy="0.71em"
                  x={220}
                >
                  Night
                </tspan>
              </text>
            </g>
          </g>
        </g>
        <g
          className="recharts-layer recharts-cartesian-axis recharts-yAxis yAxis"
        >
          <line
            className="recharts-cartesian-axis-line"
            fill="none"
            height={60}
            stroke="#666"
            width={60}
            x={5}
            x1={65}
            x2={65}
            y={5}
            y1={5}
            y2={65}
          />
          <g
            className="recharts-cartesian-axis-ticks"
          >
            <g
              className="recharts-layer recharts-cartesian-axis-tick"
            >
              <line
                className="recharts-cartesian-axis-tick-line"
                fill="none"
                height={60}
                stroke="#666"
                width={60}
                x={5}
                x1={59}
                x2={65}
                y={5}
                y1={65}
                y2={65}
              />
              <text
                className="recharts-text recharts-cartesian-axis-tick-value"
                fill="#666"
                height={60}
                stroke="none"
                textAnchor="end"
                width={60}
                x={57}
                y={65}
              >
                <tspan
                  dy="0.355em"
                  x={57}
                >
                  0
                </tspan>
              </text>
            </g>
            <g
              className="recharts-layer recharts-cartesian-axis-tick"
            >
              <line
                className="recharts-cartesian-axis-tick-line"
                fill="none"
                height={60}
                stroke="#666"
                width={60}
                x={5}
                x1={59}
                x2={65}
                y={5}
                y1={50}
                y2={50}
              />
              <text
                className="recharts-text recharts-cartesian-axis-tick-value"
                fill="#666"
                height={60}
                stroke="none"
                textAnchor="end"
                width={60}
                x={57}
                y={50}
              >
                <tspan
                  dy="0.355em"
                  x={57}
                >
                  15
                </tspan>
              </text>
            </g>
            <g
              className="recharts-layer recharts-cartesian-axis-tick"
            >
              <line
                className="recharts-cartesian-axis-tick-line"
                fill="none"
                height={60}
                stroke="#666"
                width={60}
                x={5}
                x1={59}
                x2={65}
                y={5}
                y1={35}
                y2={35}
              />
              <text
                className="recharts-text recharts-cartesian-axis-tick-value"
                fill="#666"
                height={60}
                stroke="none"
                textAnchor="end"
                width={60}
                x={57}
                y={35}
              >
                <tspan
                  dy="0.355em"
                  x={57}
                >
                  30
                </tspan>
              </text>
            </g>
            <g
              className="recharts-layer recharts-cartesian-axis-tick"
            >
              <line
                className="recharts-cartesian-axis-tick-line"
                fill="none"
                height={60}
                stroke="#666"
                width={60}
                x={5}
                x1={59}
                x2={65}
                y={5}
                y1={20}
                y2={20}
              />
              <text
                className="recharts-text recharts-cartesian-axis-tick-value"
                fill="#666"
                height={60}
                stroke="none"
                textAnchor="end"
                width={60}
                x={57}
                y={20}
              >
                <tspan
                  dy="0.355em"
                  x={57}
                >
                  45
                </tspan>
              </text>
            </g>
            <g
              className="recharts-layer recharts-cartesian-axis-tick"
            >
              <line
                className="recharts-cartesian-axis-tick-line"
                fill="none"
                height={60}
                stroke="#666"
                width={60}
                x={5}
                x1={59}
                x2={65}
                y={5}
                y1={5}
                y2={5}
              />
              <text
                className="recharts-text recharts-cartesian-axis-tick-value"
                fill="#666"
                height={60}
                stroke="none"
                textAnchor="end"
                width={60}
                x={57}
                y={5}
              >
                <tspan
                  dy="0.355em"
                  x={57}
                >
                  60
                </tspan>
              </text>
            </g>
          </g>
        </g>
        <g
          className="recharts-layer recharts-line"
        >
          <path
            className="recharts-curve recharts-line-curve"
            clipPath={null}
            d="M65,13.719999999999999C82.22222222222221,15.119999999999997,99.44444444444444,16.52,116.66666666666666,16.82C133.88888888888889,17.12,151.1111111111111,16.970000000000002,168.33333333333331,17.270000000000003C185.55555555555554,17.570000000000004,202.77777777777777,18.805000000000003,220,20.04"
            fill="none"
            height={60}
            stroke="#FF5729"
            strokeDasharray="0px 0px"
            strokeWidth={1}
            width={155}
          />
        </g>
      </svg>
    </div>
  </div>
  <div
    className="sc-bdVaJa gIwNWG"
  >
    <div
      className="sc-bwzfXH cSAtHQ"
    >
      <strong>
        April 19
      </strong>
    </div>
    <div
      className="sc-gzVnrw dNPFMo"
    />
    <div
      className="sc-htpNat kvXplu"
    >
      Temp
    </div>
    <div
      className="sc-htoDjs fZompf"
    >
      Rain
      <img
        src="http://openweathermap.org/img/w/10d.png"
      />
    </div>
    <div
      className="sc-bxivhb YUhSB"
    >
      <div>
        Low: 
        42
         °F
      </div>
      <span>
        ---
      </span>
      <div>
        High: 
        49
         °F
      </div>
    </div>
    <div
      className="sc-EHOje kGvQvF"
    >
      <div
        className="sc-ifAKCX dUDvVJ"
      >
        <div
          className="sc-bZQynM ewEksc"
        >
          Day: 
          49
           °F
        </div>
        <div
          className="sc-bZQynM jigHkO"
        >
          Evening: 
          46
           °F
        </div>
        <div
          className="sc-bZQynM bOUmdM"
        >
          Morning: 
          49
           °F
        </div>
        <div
          className="sc-bZQynM iQzgHi"
        >
          Night: 
          42
           °F
        </div>
      </div>
    </div>
    <div
      className="recharts-wrapper"
      style={
        Object {
          "cursor": "default",
          "height": 100,
          "position": "relative",
          "width": 225,
        }
      }
    >
      <svg
        className="recharts-surface"
        height={100}
        style={undefined}
        version="1.1"
        viewBox="0 0 225 100"
        width={225}
      >
        <g
          className="recharts-layer recharts-cartesian-axis recharts-xAxis xAxis"
        >
          <line
            className="recharts-cartesian-axis-line"
            fill="none"
            height={30}
            stroke="#666"
            width={155}
            x={65}
            x1={65}
            x2={220}
            y={65}
            y1={65}
            y2={65}
          />
          <g
            className="recharts-cartesian-axis-ticks"
          >
            <g
              className="recharts-layer recharts-cartesian-axis-tick"
            >
              <line
                className="recharts-cartesian-axis-tick-line"
                fill="none"
                height={30}
                stroke="#666"
                width={155}
                x={65}
                x1={65}
                x2={65}
                y={65}
                y1={71}
                y2={65}
              />
              <text
                className="recharts-text recharts-cartesian-axis-tick-value"
                fill="#666"
                height={30}
                stroke="none"
                textAnchor="middle"
                width={155}
                x={65}
                y={73}
              >
                <tspan
                  dy="0.71em"
                  x={65}
                >
                  Morning
                </tspan>
              </text>
            </g>
            <g
              className="recharts-layer recharts-cartesian-axis-tick"
            >
              <line
                className="recharts-cartesian-axis-tick-line"
                fill="none"
                height={30}
                stroke="#666"
                width={155}
                x={65}
                x1={116.66666666666666}
                x2={116.66666666666666}
                y={65}
                y1={71}
                y2={65}
              />
              <text
                className="recharts-text recharts-cartesian-axis-tick-value"
                fill="#666"
                height={30}
                stroke="none"
                textAnchor="middle"
                width={155}
                x={116.66666666666666}
                y={73}
              >
                <tspan
                  dy="0.71em"
                  x={116.66666666666666}
                >
                  Day
                </tspan>
              </text>
            </g>
            <g
              className="recharts-layer recharts-cartesian-axis-tick"
            >
              <line
                className="recharts-cartesian-axis-tick-line"
                fill="none"
                height={30}
                stroke="#666"
                width={155}
                x={65}
                x1={168.33333333333331}
                x2={168.33333333333331}
                y={65}
                y1={71}
                y2={65}
              />
              <text
                className="recharts-text recharts-cartesian-axis-tick-value"
                fill="#666"
                height={30}
                stroke="none"
                textAnchor="middle"
                width={155}
                x={168.33333333333331}
                y={73}
              >
                <tspan
                  dy="0.71em"
                  x={168.33333333333331}
                >
                  Evening
                </tspan>
              </text>
            </g>
            <g
              className="recharts-layer recharts-cartesian-axis-tick"
            >
              <line
                className="recharts-cartesian-axis-tick-line"
                fill="none"
                height={30}
                stroke="#666"
                width={155}
                x={65}
                x1={220}
                x2={220}
                y={65}
                y1={71}
                y2={65}
              />
              <text
                className="recharts-text recharts-cartesian-axis-tick-value"
                fill="#666"
                height={30}
                stroke="none"
                textAnchor="middle"
                width={155}
                x={220}
                y={73}
              >
                <tspan
                  dy="0.71em"
                  x={220}
                >
                  Night
                </tspan>
              </text>
            </g>
          </g>
        </g>
        <g
          className="recharts-layer recharts-cartesian-axis recharts-yAxis yAxis"
        >
          <line
            className="recharts-cartesian-axis-line"
            fill="none"
            height={60}
            stroke="#666"
            width={60}
            x={5}
            x1={65}
            x2={65}
            y={5}
            y1={5}
            y2={65}
          />
          <g
            className="recharts-cartesian-axis-ticks"
          >
            <g
              className="recharts-layer recharts-cartesian-axis-tick"
            >
              <line
                className="recharts-cartesian-axis-tick-line"
                fill="none"
                height={60}
                stroke="#666"
                width={60}
                x={5}
                x1={59}
                x2={65}
                y={5}
                y1={65}
                y2={65}
              />
              <text
                className="recharts-text recharts-cartesian-axis-tick-value"
                fill="#666"
                height={60}
                stroke="none"
                textAnchor="end"
                width={60}
                x={57}
                y={65}
              >
                <tspan
                  dy="0.355em"
                  x={57}
                >
                  0
                </tspan>
              </text>
            </g>
            <g
              className="recharts-layer recharts-cartesian-axis-tick"
            >
              <line
                className="recharts-cartesian-axis-tick-line"
                fill="none"
                height={60}
                stroke="#666"
                width={60}
                x={5}
                x1={59}
                x2={65}
                y={5}
                y1={50}
                y2={50}
              />
              <text
                className="recharts-text recharts-cartesian-axis-tick-value"
                fill="#666"
                height={60}
                stroke="none"
                textAnchor="end"
                width={60}
                x={57}
                y={50}
              >
                <tspan
                  dy="0.355em"
                  x={57}
                >
                  15
                </tspan>
              </text>
            </g>
            <g
              className="recharts-layer recharts-cartesian-axis-tick"
            >
              <line
                className="recharts-cartesian-axis-tick-line"
                fill="none"
                height={60}
                stroke="#666"
                width={60}
                x={5}
                x1={59}
                x2={65}
                y={5}
                y1={35}
                y2={35}
              />
              <text
                className="recharts-text recharts-cartesian-axis-tick-value"
                fill="#666"
                height={60}
                stroke="none"
                textAnchor="end"
                width={60}
                x={57}
                y={35}
              >
                <tspan
                  dy="0.355em"
                  x={57}
                >
                  30
                </tspan>
              </text>
            </g>
            <g
              className="recharts-layer recharts-cartesian-axis-tick"
            >
              <line
                className="recharts-cartesian-axis-tick-line"
                fill="none"
                height={60}
                stroke="#666"
                width={60}
                x={5}
                x1={59}
                x2={65}
                y={5}
                y1={20}
                y2={20}
              />
              <text
                className="recharts-text recharts-cartesian-axis-tick-value"
                fill="#666"
                height={60}
                stroke="none"
                textAnchor="end"
                width={60}
                x={57}
                y={20}
              >
                <tspan
                  dy="0.355em"
                  x={57}
                >
                  45
                </tspan>
              </text>
            </g>
            <g
              className="recharts-layer recharts-cartesian-axis-tick"
            >
              <line
                className="recharts-cartesian-axis-tick-line"
                fill="none"
                height={60}
                stroke="#666"
                width={60}
                x={5}
                x1={59}
                x2={65}
                y={5}
                y1={5}
                y2={5}
              />
              <text
                className="recharts-text recharts-cartesian-axis-tick-value"
                fill="#666"
                height={60}
                stroke="none"
                textAnchor="end"
                width={60}
                x={57}
                y={5}
              >
                <tspan
                  dy="0.355em"
                  x={57}
                >
                  60
                </tspan>
              </text>
            </g>
          </g>
        </g>
        <g
          className="recharts-layer recharts-line"
        >
          <path
            className="recharts-curve recharts-line-curve"
            clipPath={null}
            d="M65,16.39C82.22222222222221,16.39,99.44444444444444,16.39,116.66666666666666,16.39C133.88888888888889,16.39,151.1111111111111,17.53833333333333,168.33333333333331,18.619999999999997C185.55555555555554,19.701666666666664,202.77777777777777,21.29083333333333,220,22.880000000000003"
            fill="none"
            height={60}
            stroke="#FF5729"
            strokeDasharray="0px 0px"
            strokeWidth={1}
            width={155}
          />
        </g>
      </svg>
    </div>
  </div>
</div>
`;
