// Jest Snapshot v1, https://goo.gl/fbAQLP

exports[`<ForecastContainer /> renders correctly 1`] = `
<div
  className="sc-fjdhpX fseIWy"
>
  <form
    className="sc-bdVaJa aBlhB"
    onSubmit={[Function]}
  >
    <input
      className="sc-bwzfXH fRghIM"
      onChange={[Function]}
      placeholder="City Name"
      value=""
    />
    <div
      className="sc-bxivhb cfEzOD"
    >
      
    </div>
    <button
      className="sc-htpNat kmFOJE"
      type="submit"
    >
      Get Forecast
    </button>
  </form>
  <div
    className="sc-VigVT lovDyW"
  />
</div>
`;
