// Jest Snapshot v1, https://goo.gl/fbAQLP

exports[`<ForecastContainer /> renders correctly 1`] = `
<div
  className="sc-dnqmqq hgyJEZ"
>
  <div
    className="sc-bdVaJa aBlhB"
  >
    <input
      className="sc-bwzfXH hMRMmP"
      onChange={[Function]}
      placeholder="City Name"
      value=""
    />
    <div
      className="sc-bxivhb cfEzOD"
    >
      
    </div>
    <button
      className="sc-htpNat bupPbj"
      onClick={[Function]}
    >
      Get Forecast
    </button>
  </div>
  <div
    className="sc-gzVnrw bwqzJf"
  />
</div>
`;
