// Jest Snapshot v1, https://goo.gl/fbAQLP

exports[`<SearchBar /> renders correctly 1`] = `
<div
  className="sc-bdVaJa aBlhB"
>
  <input
    className="sc-bwzfXH fRghIM"
    onChange={[Function]}
    placeholder="City Name"
    value={undefined}
  />
  <div
    className="sc-bxivhb cfEzOD"
  />
  <button
    className="sc-htpNat kmFOJE"
    onClick={[Function]}
  >
    Get Forecast
  </button>
</div>
`;
