// Jest Snapshot v1, https://goo.gl/fbAQLP

exports[`<SearchBarContainer /> renders correctly 1`] = `
<div
  className="sc-bdVaJa iIMdXx"
>
  <input
    className="sc-bwzfXH lmdjPo"
    onChange={[Function]}
    value=""
  />
  <button
    className="sc-htpNat gPdQJU"
    onClick={[Function]}
  >
    Get Forecast
  </button>
</div>
`;
