// Jest Snapshot v1, https://goo.gl/fbAQLP

exports[`<SearchBarContainer /> renders correctly 1`] = `
<form
  className="sc-bdVaJa fAOpag"
  onSubmit={[Function]}
>
  <input
    className="sc-bwzfXH khaJxb"
    onChange={[Function]}
    placeholder="City Name"
    value={undefined}
  />
  <div
    className="sc-bxivhb cfEzOD"
  />
  <button
    className="sc-htpNat dkRZgH"
    type="submit"
  >
    Get Forecast
  </button>
</form>
`;
