// Jest Snapshot v1, https://goo.gl/fbAQLP

exports[`<SearchBarContainer /> renders correctly 1`] = `
<div
  className="sc-bdVaJa aBlhB"
>
  <input
    className="sc-bwzfXH hMRMmP"
    onChange={[Function]}
    placeholder="City Name"
    value=""
  />
  <div
    className="sc-bxivhb cfEzOD"
  />
  <button
    className="sc-htpNat bupPbj"
    onClick={[Function]}
  >
    Get Forecast
  </button>
</div>
`;
